[2025-11-24 21:54:08] live.ERROR: syntax error, unexpected single-quoted string "contact_no", expecting "]" {"userId":1,"exception":"[object] (ParseError(code: 0): syntax error, unexpected single-quoted string \"contact_no\", expecting \"]\" at /home/u258259601/domains/savoryside.mylablk.com/public_html/lang/en/lang_v1.php:16)
[stacktrace]
#0 /home/u258259601/domains/savoryside.mylablk.com/public_html/vendor/laravel/framework/src/Illuminate/Filesystem/Filesystem.php(110): Illuminate\\Filesystem\\Filesystem::Illuminate\\Filesystem\\{closure}()
#1 /home/u258259601/domains/savoryside.mylablk.com/public_html/vendor/laravel/framework/src/Illuminate/Translation/FileLoader.php(123): Illuminate\\Filesystem\\Filesystem->getRequire()
#2 /home/u258259601/domains/savoryside.mylablk.com/public_html/vendor/laravel/framework/src/Illuminate/Translation/FileLoader.php(67): Illuminate\\Translation\\FileLoader->loadPath()
#3 /home/u258259601/domains/savoryside.mylablk.com/public_html/vendor/laravel/framework/src/Illuminate/Translation/Translator.php(293): Illuminate\\Translation\\FileLoader->load()
#4 /home/u258259601/domains/savoryside.mylablk.com/public_html/vendor/laravel/framework/src/Illuminate/Translation/Translator.php(216): Illuminate\\Translation\\Translator->load()
#5 /home/u258259601/domains/savoryside.mylablk.com/public_html/vendor/laravel/framework/src/Illuminate/Translation/Translator.php(150): Illuminate\\Translation\\Translator->getLine()
#6 /home/u258259601/domains/savoryside.mylablk.com/public_html/vendor/laravel/framework/src/Illuminate/Foundation/helpers.php(938): Illuminate\\Translation\\Translator->get()
#7 /home/u258259601/domains/savoryside.mylablk.com/public_html/vendor/laravel/framework/src/Illuminate/Foundation/helpers.php(973): trans()
#8 /home/u258259601/domains/savoryside.mylablk.com/public_html/app/Http/Middleware/AdminSidebarMenu.php(72): __()
#9 [internal function]: App\\Http\\Middleware\\AdminSidebarMenu->App\\Http\\Middleware\\{closure}()
#10 /home/u258259601/domains/savoryside.mylablk.com/public_html/vendor/nwidart/laravel-menus/src/MenuBuilder.php(363): call_user_func()
#11 /home/u258259601/domains/savoryside.mylablk.com/public_html/app/Http/Middleware/AdminSidebarMenu.php(52): Nwidart\\Menus\\MenuBuilder->dropdown()
#12 /home/u258259601/domains/savoryside.mylablk.com/public_html/vendor/nwidart/laravel-menus/src/Menu.php(68): App\\Http\\Middleware\\AdminSidebarMenu->App\\Http\\Middleware\\{closure}()
#13 /home/u258259601/domains/savoryside.mylablk.com/public_html/vendor/laravel/framework/src/Illuminate/Support/Facades/Facade.php(338): Nwidart\\Menus\\Menu->create()
#14 /home/u258259601/domains/savoryside.mylablk.com/public_html/app/Http/Middleware/AdminSidebarMenu.php(25): Illuminate\\Support\\Facades\\Facade::__callStatic()
#15 /home/u258259601/domains/savoryside.mylablk.com/public_html/vendor/laravel/framework/src/Illuminate/Pipeline/Pipeline.php(180): App\\Http\\Middleware\\AdminSidebarMenu->handle()
#16 /home/u258259601/domains/savoryside.mylablk.com/public_html/app/Http/Middleware/Timezone.php(30): Illuminate\\Pipeline\\Pipeline->Illuminate\\Pipeline\\{closure}()
#17 /home/u258259601/domains/savoryside.mylablk.com/public_html/vendor/laravel/framework/src/Illuminate/Pipeline/Pipeline.php(180): App\\Http\\Middleware\\Timezone->handle()
#18 /home/u258259601/domains/savoryside.mylablk.com/public_html/app/Http/Middleware/Language.php(25): Illuminate\\Pipeline\\Pipeline->Illuminate\\Pipeline\\{closure}()
#19 /home/u258259601/domains/savoryside.mylablk.com/public_html/vendor/laravel/framework/src/Illuminate/Pipeline/Pipeline.php(180): App\\Http\\Middleware\\Language->handle()
#20 /home/u258259601/domains/savoryside.mylablk.com/public_html/app/Http/Middleware/SetSessionData.php(52): Illuminate\\Pipeline\\Pipeline->Illuminate\\Pipeline\\{closure}()
#21 /home/u258259601/domains/savoryside.mylablk.com/public_html/vendor/laravel/framework/src/Illuminate/Pipeline/Pipeline.php(180): App\\Http\\Middleware\\SetSessionData->handle()
#22 /home/u258259601/domains/savoryside.mylablk.com/public_html/app/Http/Middleware/IsInstalled.php(50): Illuminate\\Pipeline\\Pipeline->Illuminate\\Pipeline\\{closure}()
#23 /home/u258259601/domains/savoryside.mylablk.com/public_html/vendor/laravel/framework/src/Illuminate/Pipeline/Pipeline.php(180): App\\Http\\Middleware\\IsInstalled->handle()
#24 /home/u258259601/domains/savoryside.mylablk.com/public_html/vendor/laravel/framework/src/Illuminate/Routing/Middleware/SubstituteBindings.php(50): Illuminate\\Pipeline\\Pipeline->Illuminate\\Pipeline\\{closure}()
#25 /home/u258259601/domains/savoryside.mylablk.com/public_html/vendor/laravel/framework/src/Illuminate/Pipeline/Pipeline.php(180): Illuminate\\Routing\\Middleware\\SubstituteBindings->handle()
#26 /home/u258259601/domains/savoryside.mylablk.com/public_html/vendor/laravel/framework/src/Illuminate/Auth/Middleware/Authenticate.php(44): Illuminate\\Pipeline\\Pipeline->Illuminate\\Pipeline\\{closure}()
#27 /home/u258259601/domains/savoryside.mylablk.com/public_html/vendor/laravel/framework/src/Illuminate/Pipeline/Pipeline.php(180): Illuminate\\Auth\\Middleware\\Authenticate->handle()
#28 /home/u258259601/domains/savoryside.mylablk.com/public_html/vendor/laravel/framework/src/Illuminate/Foundation/Http/Middleware/VerifyCsrfToken.php(78): Illuminate\\Pipeline\\Pipeline->Illuminate\\Pipeline\\{closure}()
#29 /home/u258259601/domains/savoryside.mylablk.com/public_html/vendor/laravel/framework/src/Illuminate/Pipeline/Pipeline.php(180): Illuminate\\Foundation\\Http\\Middleware\\VerifyCsrfToken->handle()
#30 /home/u258259601/domains/savoryside.mylablk.com/public_html/vendor/laravel/framework/src/Illuminate/View/Middleware/ShareErrorsFromSession.php(49): Illuminate\\Pipeline\\Pipeline->Illuminate\\Pipeline\\{closure}()
#31 /home/u258259601/domains/savoryside.mylablk.com/public_html/vendor/laravel/framework/src/Illuminate/Pipeline/Pipeline.php(180): Illuminate\\View\\Middleware\\ShareErrorsFromSession->handle()
#32 /home/u258259601/domains/savoryside.mylablk.com/public_html/vendor/laravel/framework/src/Illuminate/Session/Middleware/StartSession.php(121): Illuminate\\Pipeline\\Pipeline->Illuminate\\Pipeline\\{closure}()
#33 /home/u258259601/domains/savoryside.mylablk.com/public_html/vendor/laravel/framework/src/Illuminate/Session/Middleware/StartSession.php(64): Illuminate\\Session\\Middleware\\StartSession->handleStatefulRequest()
#34 /home/u258259601/domains/savoryside.mylablk.com/public_html/vendor/laravel/framework/src/Illuminate/Pipeline/Pipeline.php(180): Illuminate\\Session\\Middleware\\StartSession->handle()
#35 /home/u258259601/domains/savoryside.mylablk.com/public_html/vendor/laravel/framework/src/Illuminate/Cookie/Middleware/AddQueuedCookiesToResponse.php(37): Illuminate\\Pipeline\\Pipeline->Illuminate\\Pipeline\\{closure}()
#36 /home/u258259601/domains/savoryside.mylablk.com/public_html/vendor/laravel/framework/src/Illuminate/Pipeline/Pipeline.php(180): Illuminate\\Cookie\\Middleware\\AddQueuedCookiesToResponse->handle()
#37 /home/u258259601/domains/savoryside.mylablk.com/public_html/vendor/laravel/framework/src/Illuminate/Cookie/Middleware/EncryptCookies.php(67): Illuminate\\Pipeline\\Pipeline->Illuminate\\Pipeline\\{closure}()
#38 /home/u258259601/domains/savoryside.mylablk.com/public_html/vendor/laravel/framework/src/Illuminate/Pipeline/Pipeline.php(180): Illuminate\\Cookie\\Middleware\\EncryptCookies->handle()
#39 /home/u258259601/domains/savoryside.mylablk.com/public_html/vendor/laravel/framework/src/Illuminate/Pipeline/Pipeline.php(116): Illuminate\\Pipeline\\Pipeline->Illuminate\\Pipeline\\{closure}()
#40 /home/u258259601/domains/savoryside.mylablk.com/public_html/vendor/laravel/framework/src/Illuminate/Routing/Router.php(797): Illuminate\\Pipeline\\Pipeline->then()
#41 /home/u258259601/domains/savoryside.mylablk.com/public_html/vendor/laravel/framework/src/Illuminate/Routing/Router.php(776): Illuminate\\Routing\\Router->runRouteWithinStack()
#42 /home/u258259601/domains/savoryside.mylablk.com/public_html/vendor/laravel/framework/src/Illuminate/Routing/Router.php(740): Illuminate\\Routing\\Router->runRoute()
#43 /home/u258259601/domains/savoryside.mylablk.com/public_html/vendor/laravel/framework/src/Illuminate/Routing/Router.php(729): Illuminate\\Routing\\Router->dispatchToRoute()
#44 /home/u258259601/domains/savoryside.mylablk.com/public_html/vendor/laravel/framework/src/Illuminate/Foundation/Http/Kernel.php(190): Illuminate\\Routing\\Router->dispatch()
#45 /home/u258259601/domains/savoryside.mylablk.com/public_html/vendor/laravel/framework/src/Illuminate/Pipeline/Pipeline.php(141): Illuminate\\Foundation\\Http\\Kernel->Illuminate\\Foundation\\Http\\{closure}()
#46 /home/u258259601/domains/savoryside.mylablk.com/public_html/vendor/barryvdh/laravel-debugbar/src/Middleware/InjectDebugbar.php(59): Illuminate\\Pipeline\\Pipeline->Illuminate\\Pipeline\\{closure}()
#47 /home/u258259601/domains/savoryside.mylablk.com/public_html/vendor/laravel/framework/src/Illuminate/Pipeline/Pipeline.php(180): Barryvdh\\Debugbar\\Middleware\\InjectDebugbar->handle()
#48 /home/u258259601/domains/savoryside.mylablk.com/public_html/vendor/laravel/framework/src/Illuminate/Foundation/Http/Middleware/TransformsRequest.php(21): Illuminate\\Pipeline\\Pipeline->Illuminate\\Pipeline\\{closure}()
#49 /home/u258259601/domains/savoryside.mylablk.com/public_html/vendor/laravel/framework/src/Illuminate/Foundation/Http/Middleware/ConvertEmptyStringsToNull.php(31): Illuminate\\Foundation\\Http\\Middleware\\TransformsRequest->handle()
#50 /home/u258259601/domains/savoryside.mylablk.com/public_html/vendor/laravel/framework/src/Illuminate/Pipeline/Pipeline.php(180): Illuminate\\Foundation\\Http\\Middleware\\ConvertEmptyStringsToNull->handle()
#51 /home/u258259601/domains/savoryside.mylablk.com/public_html/vendor/laravel/framework/src/Illuminate/Foundation/Http/Middleware/TransformsRequest.php(21): Illuminate\\Pipeline\\Pipeline->Illuminate\\Pipeline\\{closure}()
#52 /home/u258259601/domains/savoryside.mylablk.com/public_html/vendor/laravel/framework/src/Illuminate/Foundation/Http/Middleware/TrimStrings.php(40): Illuminate\\Foundation\\Http\\Middleware\\TransformsRequest->handle()
#53 /home/u258259601/domains/savoryside.mylablk.com/public_html/vendor/laravel/framework/src/Illuminate/Pipeline/Pipeline.php(180): Illuminate\\Foundation\\Http\\Middleware\\TrimStrings->handle()
#54 /home/u258259601/domains/savoryside.mylablk.com/public_html/vendor/laravel/framework/src/Illuminate/Foundation/Http/Middleware/ValidatePostSize.php(27): Illuminate\\Pipeline\\Pipeline->Illuminate\\Pipeline\\{closure}()
#55 /home/u258259601/domains/savoryside.mylablk.com/public_html/vendor/laravel/framework/src/Illuminate/Pipeline/Pipeline.php(180): Illuminate\\Foundation\\Http\\Middleware\\ValidatePostSize->handle()
#56 /home/u258259601/domains/savoryside.mylablk.com/public_html/vendor/laravel/framework/src/Illuminate/Foundation/Http/Middleware/PreventRequestsDuringMaintenance.php(86): Illuminate\\Pipeline\\Pipeline->Illuminate\\Pipeline\\{closure}()
#57 /home/u258259601/domains/savoryside.mylablk.com/public_html/vendor/laravel/framework/src/Illuminate/Pipeline/Pipeline.php(180): Illuminate\\Foundation\\Http\\Middleware\\PreventRequestsDuringMaintenance->handle()
#58 /home/u258259601/domains/savoryside.mylablk.com/public_html/vendor/laravel/framework/src/Illuminate/Http/Middleware/HandleCors.php(49): Illuminate\\Pipeline\\Pipeline->Illuminate\\Pipeline\\{closure}()
#59 /home/u258259601/domains/savoryside.mylablk.com/public_html/vendor/laravel/framework/src/Illuminate/Pipeline/Pipeline.php(180): Illuminate\\Http\\Middleware\\HandleCors->handle()
#60 /home/u258259601/domains/savoryside.mylablk.com/public_html/vendor/laravel/framework/src/Illuminate/Http/Middleware/TrustProxies.php(39): Illuminate\\Pipeline\\Pipeline->Illuminate\\Pipeline\\{closure}()
#61 /home/u258259601/domains/savoryside.mylablk.com/public_html/vendor/laravel/framework/src/Illuminate/Pipeline/Pipeline.php(180): Illuminate\\Http\\Middleware\\TrustProxies->handle()
#62 /home/u258259601/domains/savoryside.mylablk.com/public_html/vendor/laravel/framework/src/Illuminate/Pipeline/Pipeline.php(116): Illuminate\\Pipeline\\Pipeline->Illuminate\\Pipeline\\{closure}()
#63 /home/u258259601/domains/savoryside.mylablk.com/public_html/vendor/laravel/framework/src/Illuminate/Foundation/Http/Kernel.php(165): Illuminate\\Pipeline\\Pipeline->then()
#64 /home/u258259601/domains/savoryside.mylablk.com/public_html/vendor/laravel/framework/src/Illuminate/Foundation/Http/Kernel.php(134): Illuminate\\Foundation\\Http\\Kernel->sendRequestThroughRouter()
#65 /home/u258259601/domains/savoryside.mylablk.com/public_html/public/index.php(51): Illuminate\\Foundation\\Http\\Kernel->handle()
#66 {main}
"} 
[2025-11-24 21:54:38] live.ERROR: syntax error, unexpected single-quoted string "contact_no", expecting "]" {"userId":1,"exception":"[object] (ParseError(code: 0): syntax error, unexpected single-quoted string \"contact_no\", expecting \"]\" at /home/u258259601/domains/savoryside.mylablk.com/public_html/lang/en/lang_v1.php:16)
[stacktrace]
#0 /home/u258259601/domains/savoryside.mylablk.com/public_html/vendor/laravel/framework/src/Illuminate/Filesystem/Filesystem.php(110): Illuminate\\Filesystem\\Filesystem::Illuminate\\Filesystem\\{closure}()
#1 /home/u258259601/domains/savoryside.mylablk.com/public_html/vendor/laravel/framework/src/Illuminate/Translation/FileLoader.php(123): Illuminate\\Filesystem\\Filesystem->getRequire()
#2 /home/u258259601/domains/savoryside.mylablk.com/public_html/vendor/laravel/framework/src/Illuminate/Translation/FileLoader.php(67): Illuminate\\Translation\\FileLoader->loadPath()
#3 /home/u258259601/domains/savoryside.mylablk.com/public_html/vendor/laravel/framework/src/Illuminate/Translation/Translator.php(293): Illuminate\\Translation\\FileLoader->load()
#4 /home/u258259601/domains/savoryside.mylablk.com/public_html/vendor/laravel/framework/src/Illuminate/Translation/Translator.php(216): Illuminate\\Translation\\Translator->load()
#5 /home/u258259601/domains/savoryside.mylablk.com/public_html/vendor/laravel/framework/src/Illuminate/Translation/Translator.php(150): Illuminate\\Translation\\Translator->getLine()
#6 /home/u258259601/domains/savoryside.mylablk.com/public_html/vendor/laravel/framework/src/Illuminate/Foundation/helpers.php(938): Illuminate\\Translation\\Translator->get()
#7 /home/u258259601/domains/savoryside.mylablk.com/public_html/vendor/laravel/framework/src/Illuminate/Foundation/helpers.php(973): trans()
#8 /home/u258259601/domains/savoryside.mylablk.com/public_html/app/Http/Middleware/AdminSidebarMenu.php(72): __()
#9 [internal function]: App\\Http\\Middleware\\AdminSidebarMenu->App\\Http\\Middleware\\{closure}()
#10 /home/u258259601/domains/savoryside.mylablk.com/public_html/vendor/nwidart/laravel-menus/src/MenuBuilder.php(363): call_user_func()
#11 /home/u258259601/domains/savoryside.mylablk.com/public_html/app/Http/Middleware/AdminSidebarMenu.php(52): Nwidart\\Menus\\MenuBuilder->dropdown()
#12 /home/u258259601/domains/savoryside.mylablk.com/public_html/vendor/nwidart/laravel-menus/src/Menu.php(68): App\\Http\\Middleware\\AdminSidebarMenu->App\\Http\\Middleware\\{closure}()
#13 /home/u258259601/domains/savoryside.mylablk.com/public_html/vendor/laravel/framework/src/Illuminate/Support/Facades/Facade.php(338): Nwidart\\Menus\\Menu->create()
#14 /home/u258259601/domains/savoryside.mylablk.com/public_html/app/Http/Middleware/AdminSidebarMenu.php(25): Illuminate\\Support\\Facades\\Facade::__callStatic()
#15 /home/u258259601/domains/savoryside.mylablk.com/public_html/vendor/laravel/framework/src/Illuminate/Pipeline/Pipeline.php(180): App\\Http\\Middleware\\AdminSidebarMenu->handle()
#16 /home/u258259601/domains/savoryside.mylablk.com/public_html/app/Http/Middleware/Timezone.php(30): Illuminate\\Pipeline\\Pipeline->Illuminate\\Pipeline\\{closure}()
#17 /home/u258259601/domains/savoryside.mylablk.com/public_html/vendor/laravel/framework/src/Illuminate/Pipeline/Pipeline.php(180): App\\Http\\Middleware\\Timezone->handle()
#18 /home/u258259601/domains/savoryside.mylablk.com/public_html/app/Http/Middleware/Language.php(25): Illuminate\\Pipeline\\Pipeline->Illuminate\\Pipeline\\{closure}()
#19 /home/u258259601/domains/savoryside.mylablk.com/public_html/vendor/laravel/framework/src/Illuminate/Pipeline/Pipeline.php(180): App\\Http\\Middleware\\Language->handle()
#20 /home/u258259601/domains/savoryside.mylablk.com/public_html/app/Http/Middleware/SetSessionData.php(52): Illuminate\\Pipeline\\Pipeline->Illuminate\\Pipeline\\{closure}()
#21 /home/u258259601/domains/savoryside.mylablk.com/public_html/vendor/laravel/framework/src/Illuminate/Pipeline/Pipeline.php(180): App\\Http\\Middleware\\SetSessionData->handle()
#22 /home/u258259601/domains/savoryside.mylablk.com/public_html/app/Http/Middleware/IsInstalled.php(50): Illuminate\\Pipeline\\Pipeline->Illuminate\\Pipeline\\{closure}()
#23 /home/u258259601/domains/savoryside.mylablk.com/public_html/vendor/laravel/framework/src/Illuminate/Pipeline/Pipeline.php(180): App\\Http\\Middleware\\IsInstalled->handle()
#24 /home/u258259601/domains/savoryside.mylablk.com/public_html/vendor/laravel/framework/src/Illuminate/Routing/Middleware/SubstituteBindings.php(50): Illuminate\\Pipeline\\Pipeline->Illuminate\\Pipeline\\{closure}()
#25 /home/u258259601/domains/savoryside.mylablk.com/public_html/vendor/laravel/framework/src/Illuminate/Pipeline/Pipeline.php(180): Illuminate\\Routing\\Middleware\\SubstituteBindings->handle()
#26 /home/u258259601/domains/savoryside.mylablk.com/public_html/vendor/laravel/framework/src/Illuminate/Auth/Middleware/Authenticate.php(44): Illuminate\\Pipeline\\Pipeline->Illuminate\\Pipeline\\{closure}()
#27 /home/u258259601/domains/savoryside.mylablk.com/public_html/vendor/laravel/framework/src/Illuminate/Pipeline/Pipeline.php(180): Illuminate\\Auth\\Middleware\\Authenticate->handle()
#28 /home/u258259601/domains/savoryside.mylablk.com/public_html/vendor/laravel/framework/src/Illuminate/Foundation/Http/Middleware/VerifyCsrfToken.php(78): Illuminate\\Pipeline\\Pipeline->Illuminate\\Pipeline\\{closure}()
#29 /home/u258259601/domains/savoryside.mylablk.com/public_html/vendor/laravel/framework/src/Illuminate/Pipeline/Pipeline.php(180): Illuminate\\Foundation\\Http\\Middleware\\VerifyCsrfToken->handle()
#30 /home/u258259601/domains/savoryside.mylablk.com/public_html/vendor/laravel/framework/src/Illuminate/View/Middleware/ShareErrorsFromSession.php(49): Illuminate\\Pipeline\\Pipeline->Illuminate\\Pipeline\\{closure}()
#31 /home/u258259601/domains/savoryside.mylablk.com/public_html/vendor/laravel/framework/src/Illuminate/Pipeline/Pipeline.php(180): Illuminate\\View\\Middleware\\ShareErrorsFromSession->handle()
#32 /home/u258259601/domains/savoryside.mylablk.com/public_html/vendor/laravel/framework/src/Illuminate/Session/Middleware/StartSession.php(121): Illuminate\\Pipeline\\Pipeline->Illuminate\\Pipeline\\{closure}()
#33 /home/u258259601/domains/savoryside.mylablk.com/public_html/vendor/laravel/framework/src/Illuminate/Session/Middleware/StartSession.php(64): Illuminate\\Session\\Middleware\\StartSession->handleStatefulRequest()
#34 /home/u258259601/domains/savoryside.mylablk.com/public_html/vendor/laravel/framework/src/Illuminate/Pipeline/Pipeline.php(180): Illuminate\\Session\\Middleware\\StartSession->handle()
#35 /home/u258259601/domains/savoryside.mylablk.com/public_html/vendor/laravel/framework/src/Illuminate/Cookie/Middleware/AddQueuedCookiesToResponse.php(37): Illuminate\\Pipeline\\Pipeline->Illuminate\\Pipeline\\{closure}()
#36 /home/u258259601/domains/savoryside.mylablk.com/public_html/vendor/laravel/framework/src/Illuminate/Pipeline/Pipeline.php(180): Illuminate\\Cookie\\Middleware\\AddQueuedCookiesToResponse->handle()
#37 /home/u258259601/domains/savoryside.mylablk.com/public_html/vendor/laravel/framework/src/Illuminate/Cookie/Middleware/EncryptCookies.php(67): Illuminate\\Pipeline\\Pipeline->Illuminate\\Pipeline\\{closure}()
#38 /home/u258259601/domains/savoryside.mylablk.com/public_html/vendor/laravel/framework/src/Illuminate/Pipeline/Pipeline.php(180): Illuminate\\Cookie\\Middleware\\EncryptCookies->handle()
#39 /home/u258259601/domains/savoryside.mylablk.com/public_html/vendor/laravel/framework/src/Illuminate/Pipeline/Pipeline.php(116): Illuminate\\Pipeline\\Pipeline->Illuminate\\Pipeline\\{closure}()
#40 /home/u258259601/domains/savoryside.mylablk.com/public_html/vendor/laravel/framework/src/Illuminate/Routing/Router.php(797): Illuminate\\Pipeline\\Pipeline->then()
#41 /home/u258259601/domains/savoryside.mylablk.com/public_html/vendor/laravel/framework/src/Illuminate/Routing/Router.php(776): Illuminate\\Routing\\Router->runRouteWithinStack()
#42 /home/u258259601/domains/savoryside.mylablk.com/public_html/vendor/laravel/framework/src/Illuminate/Routing/Router.php(740): Illuminate\\Routing\\Router->runRoute()
#43 /home/u258259601/domains/savoryside.mylablk.com/public_html/vendor/laravel/framework/src/Illuminate/Routing/Router.php(729): Illuminate\\Routing\\Router->dispatchToRoute()
#44 /home/u258259601/domains/savoryside.mylablk.com/public_html/vendor/laravel/framework/src/Illuminate/Foundation/Http/Kernel.php(190): Illuminate\\Routing\\Router->dispatch()
#45 /home/u258259601/domains/savoryside.mylablk.com/public_html/vendor/laravel/framework/src/Illuminate/Pipeline/Pipeline.php(141): Illuminate\\Foundation\\Http\\Kernel->Illuminate\\Foundation\\Http\\{closure}()
#46 /home/u258259601/domains/savoryside.mylablk.com/public_html/vendor/barryvdh/laravel-debugbar/src/Middleware/InjectDebugbar.php(59): Illuminate\\Pipeline\\Pipeline->Illuminate\\Pipeline\\{closure}()
#47 /home/u258259601/domains/savoryside.mylablk.com/public_html/vendor/laravel/framework/src/Illuminate/Pipeline/Pipeline.php(180): Barryvdh\\Debugbar\\Middleware\\InjectDebugbar->handle()
#48 /home/u258259601/domains/savoryside.mylablk.com/public_html/vendor/laravel/framework/src/Illuminate/Foundation/Http/Middleware/TransformsRequest.php(21): Illuminate\\Pipeline\\Pipeline->Illuminate\\Pipeline\\{closure}()
#49 /home/u258259601/domains/savoryside.mylablk.com/public_html/vendor/laravel/framework/src/Illuminate/Foundation/Http/Middleware/ConvertEmptyStringsToNull.php(31): Illuminate\\Foundation\\Http\\Middleware\\TransformsRequest->handle()
#50 /home/u258259601/domains/savoryside.mylablk.com/public_html/vendor/laravel/framework/src/Illuminate/Pipeline/Pipeline.php(180): Illuminate\\Foundation\\Http\\Middleware\\ConvertEmptyStringsToNull->handle()
#51 /home/u258259601/domains/savoryside.mylablk.com/public_html/vendor/laravel/framework/src/Illuminate/Foundation/Http/Middleware/TransformsRequest.php(21): Illuminate\\Pipeline\\Pipeline->Illuminate\\Pipeline\\{closure}()
#52 /home/u258259601/domains/savoryside.mylablk.com/public_html/vendor/laravel/framework/src/Illuminate/Foundation/Http/Middleware/TrimStrings.php(40): Illuminate\\Foundation\\Http\\Middleware\\TransformsRequest->handle()
#53 /home/u258259601/domains/savoryside.mylablk.com/public_html/vendor/laravel/framework/src/Illuminate/Pipeline/Pipeline.php(180): Illuminate\\Foundation\\Http\\Middleware\\TrimStrings->handle()
#54 /home/u258259601/domains/savoryside.mylablk.com/public_html/vendor/laravel/framework/src/Illuminate/Foundation/Http/Middleware/ValidatePostSize.php(27): Illuminate\\Pipeline\\Pipeline->Illuminate\\Pipeline\\{closure}()
#55 /home/u258259601/domains/savoryside.mylablk.com/public_html/vendor/laravel/framework/src/Illuminate/Pipeline/Pipeline.php(180): Illuminate\\Foundation\\Http\\Middleware\\ValidatePostSize->handle()
#56 /home/u258259601/domains/savoryside.mylablk.com/public_html/vendor/laravel/framework/src/Illuminate/Foundation/Http/Middleware/PreventRequestsDuringMaintenance.php(86): Illuminate\\Pipeline\\Pipeline->Illuminate\\Pipeline\\{closure}()
#57 /home/u258259601/domains/savoryside.mylablk.com/public_html/vendor/laravel/framework/src/Illuminate/Pipeline/Pipeline.php(180): Illuminate\\Foundation\\Http\\Middleware\\PreventRequestsDuringMaintenance->handle()
#58 /home/u258259601/domains/savoryside.mylablk.com/public_html/vendor/laravel/framework/src/Illuminate/Http/Middleware/HandleCors.php(49): Illuminate\\Pipeline\\Pipeline->Illuminate\\Pipeline\\{closure}()
#59 /home/u258259601/domains/savoryside.mylablk.com/public_html/vendor/laravel/framework/src/Illuminate/Pipeline/Pipeline.php(180): Illuminate\\Http\\Middleware\\HandleCors->handle()
#60 /home/u258259601/domains/savoryside.mylablk.com/public_html/vendor/laravel/framework/src/Illuminate/Http/Middleware/TrustProxies.php(39): Illuminate\\Pipeline\\Pipeline->Illuminate\\Pipeline\\{closure}()
#61 /home/u258259601/domains/savoryside.mylablk.com/public_html/vendor/laravel/framework/src/Illuminate/Pipeline/Pipeline.php(180): Illuminate\\Http\\Middleware\\TrustProxies->handle()
#62 /home/u258259601/domains/savoryside.mylablk.com/public_html/vendor/laravel/framework/src/Illuminate/Pipeline/Pipeline.php(116): Illuminate\\Pipeline\\Pipeline->Illuminate\\Pipeline\\{closure}()
#63 /home/u258259601/domains/savoryside.mylablk.com/public_html/vendor/laravel/framework/src/Illuminate/Foundation/Http/Kernel.php(165): Illuminate\\Pipeline\\Pipeline->then()
#64 /home/u258259601/domains/savoryside.mylablk.com/public_html/vendor/laravel/framework/src/Illuminate/Foundation/Http/Kernel.php(134): Illuminate\\Foundation\\Http\\Kernel->sendRequestThroughRouter()
#65 /home/u258259601/domains/savoryside.mylablk.com/public_html/public/index.php(51): Illuminate\\Foundation\\Http\\Kernel->handle()
#66 {main}
"} 
[2025-11-24 22:54:44] live.EMERGENCY: File:/home/u258259601/domains/savoryside.mylablk.com/public_html/vendor/laravel/framework/src/Illuminate/Database/Eloquent/Builder.phpLine:598Message:No query results for model [App\Variation].  
[2025-11-24 23:18:39] live.ERROR: Unclosed '(' {"exception":"[object] (ParseError(code: 0): Unclosed '(' at /home/u258259601/domains/savoryside.mylablk.com/public_html/app/Http/Controllers/SellPosController.php:724)
[stacktrace]
#0 /home/u258259601/domains/savoryside.mylablk.com/public_html/vendor/composer/ClassLoader.php(428): Composer\\Autoload\\includeFile()
#1 [internal function]: Composer\\Autoload\\ClassLoader->loadClass()
#2 /home/u258259601/domains/savoryside.mylablk.com/public_html/vendor/laravel/framework/src/Illuminate/Routing/Route.php(1091): is_a()
#3 /home/u258259601/domains/savoryside.mylablk.com/public_html/vendor/laravel/framework/src/Illuminate/Routing/Route.php(1030): Illuminate\\Routing\\Route->controllerMiddleware()
#4 /home/u258259601/domains/savoryside.mylablk.com/public_html/vendor/laravel/framework/src/Illuminate/Routing/Router.php(810): Illuminate\\Routing\\Route->gatherMiddleware()
#5 /home/u258259601/domains/savoryside.mylablk.com/public_html/vendor/laravel/framework/src/Illuminate/Routing/Router.php(792): Illuminate\\Routing\\Router->gatherRouteMiddleware()
#6 /home/u258259601/domains/savoryside.mylablk.com/public_html/vendor/laravel/framework/src/Illuminate/Routing/Router.php(776): Illuminate\\Routing\\Router->runRouteWithinStack()
#7 /home/u258259601/domains/savoryside.mylablk.com/public_html/vendor/laravel/framework/src/Illuminate/Routing/Router.php(740): Illuminate\\Routing\\Router->runRoute()
#8 /home/u258259601/domains/savoryside.mylablk.com/public_html/vendor/laravel/framework/src/Illuminate/Routing/Router.php(729): Illuminate\\Routing\\Router->dispatchToRoute()
#9 /home/u258259601/domains/savoryside.mylablk.com/public_html/vendor/laravel/framework/src/Illuminate/Foundation/Http/Kernel.php(190): Illuminate\\Routing\\Router->dispatch()
#10 /home/u258259601/domains/savoryside.mylablk.com/public_html/vendor/laravel/framework/src/Illuminate/Pipeline/Pipeline.php(141): Illuminate\\Foundation\\Http\\Kernel->Illuminate\\Foundation\\Http\\{closure}()
#11 /home/u258259601/domains/savoryside.mylablk.com/public_html/vendor/barryvdh/laravel-debugbar/src/Middleware/InjectDebugbar.php(59): Illuminate\\Pipeline\\Pipeline->Illuminate\\Pipeline\\{closure}()
#12 /home/u258259601/domains/savoryside.mylablk.com/public_html/vendor/laravel/framework/src/Illuminate/Pipeline/Pipeline.php(180): Barryvdh\\Debugbar\\Middleware\\InjectDebugbar->handle()
#13 /home/u258259601/domains/savoryside.mylablk.com/public_html/vendor/laravel/framework/src/Illuminate/Foundation/Http/Middleware/TransformsRequest.php(21): Illuminate\\Pipeline\\Pipeline->Illuminate\\Pipeline\\{closure}()
#14 /home/u258259601/domains/savoryside.mylablk.com/public_html/vendor/laravel/framework/src/Illuminate/Foundation/Http/Middleware/ConvertEmptyStringsToNull.php(31): Illuminate\\Foundation\\Http\\Middleware\\TransformsRequest->handle()
#15 /home/u258259601/domains/savoryside.mylablk.com/public_html/vendor/laravel/framework/src/Illuminate/Pipeline/Pipeline.php(180): Illuminate\\Foundation\\Http\\Middleware\\ConvertEmptyStringsToNull->handle()
#16 /home/u258259601/domains/savoryside.mylablk.com/public_html/vendor/laravel/framework/src/Illuminate/Foundation/Http/Middleware/TransformsRequest.php(21): Illuminate\\Pipeline\\Pipeline->Illuminate\\Pipeline\\{closure}()
#17 /home/u258259601/domains/savoryside.mylablk.com/public_html/vendor/laravel/framework/src/Illuminate/Foundation/Http/Middleware/TrimStrings.php(40): Illuminate\\Foundation\\Http\\Middleware\\TransformsRequest->handle()
#18 /home/u258259601/domains/savoryside.mylablk.com/public_html/vendor/laravel/framework/src/Illuminate/Pipeline/Pipeline.php(180): Illuminate\\Foundation\\Http\\Middleware\\TrimStrings->handle()
#19 /home/u258259601/domains/savoryside.mylablk.com/public_html/vendor/laravel/framework/src/Illuminate/Foundation/Http/Middleware/ValidatePostSize.php(27): Illuminate\\Pipeline\\Pipeline->Illuminate\\Pipeline\\{closure}()
#20 /home/u258259601/domains/savoryside.mylablk.com/public_html/vendor/laravel/framework/src/Illuminate/Pipeline/Pipeline.php(180): Illuminate\\Foundation\\Http\\Middleware\\ValidatePostSize->handle()
#21 /home/u258259601/domains/savoryside.mylablk.com/public_html/vendor/laravel/framework/src/Illuminate/Foundation/Http/Middleware/PreventRequestsDuringMaintenance.php(86): Illuminate\\Pipeline\\Pipeline->Illuminate\\Pipeline\\{closure}()
#22 /home/u258259601/domains/savoryside.mylablk.com/public_html/vendor/laravel/framework/src/Illuminate/Pipeline/Pipeline.php(180): Illuminate\\Foundation\\Http\\Middleware\\PreventRequestsDuringMaintenance->handle()
#23 /home/u258259601/domains/savoryside.mylablk.com/public_html/vendor/laravel/framework/src/Illuminate/Http/Middleware/HandleCors.php(49): Illuminate\\Pipeline\\Pipeline->Illuminate\\Pipeline\\{closure}()
#24 /home/u258259601/domains/savoryside.mylablk.com/public_html/vendor/laravel/framework/src/Illuminate/Pipeline/Pipeline.php(180): Illuminate\\Http\\Middleware\\HandleCors->handle()
#25 /home/u258259601/domains/savoryside.mylablk.com/public_html/vendor/laravel/framework/src/Illuminate/Http/Middleware/TrustProxies.php(39): Illuminate\\Pipeline\\Pipeline->Illuminate\\Pipeline\\{closure}()
#26 /home/u258259601/domains/savoryside.mylablk.com/public_html/vendor/laravel/framework/src/Illuminate/Pipeline/Pipeline.php(180): Illuminate\\Http\\Middleware\\TrustProxies->handle()
#27 /home/u258259601/domains/savoryside.mylablk.com/public_html/vendor/laravel/framework/src/Illuminate/Pipeline/Pipeline.php(116): Illuminate\\Pipeline\\Pipeline->Illuminate\\Pipeline\\{closure}()
#28 /home/u258259601/domains/savoryside.mylablk.com/public_html/vendor/laravel/framework/src/Illuminate/Foundation/Http/Kernel.php(165): Illuminate\\Pipeline\\Pipeline->then()
#29 /home/u258259601/domains/savoryside.mylablk.com/public_html/vendor/laravel/framework/src/Illuminate/Foundation/Http/Kernel.php(134): Illuminate\\Foundation\\Http\\Kernel->sendRequestThroughRouter()
#30 /home/u258259601/domains/savoryside.mylablk.com/public_html/public/index.php(51): Illuminate\\Foundation\\Http\\Kernel->handle()
#31 {main}
"} 
