[2026-06-04 19:27:07] live.ERROR: SQLSTATE[HY000] [2002] Connection refused (SQL: select * from information_schema.tables where table_schema = u258259601_pos16 and table_name = migrations and table_type = 'BASE TABLE') {"exception":"[object] (Illuminate\\Database\\QueryException(code: 2002): SQLSTATE[HY000] [2002] Connection refused (SQL: select * from information_schema.tables where table_schema = u258259601_pos16 and table_name = migrations and table_type = 'BASE TABLE') at /Users/vidura/Documents/industry-projects/aisha/UltimatePOS-CodeBase-V6-1.12/vendor/laravel/framework/src/Illuminate/Database/Connection.php:760)
[stacktrace]
#0 /Users/vidura/Documents/industry-projects/aisha/UltimatePOS-CodeBase-V6-1.12/vendor/laravel/framework/src/Illuminate/Database/Connection.php(899): Illuminate\\Database\\Connection->runQueryCallback('select * from i...', Array, Object(Closure))
#1 /Users/vidura/Documents/industry-projects/aisha/UltimatePOS-CodeBase-V6-1.12/vendor/laravel/framework/src/Illuminate/Database/Connection.php(878): Illuminate\\Database\\Connection->tryAgainIfCausedByLostConnection(Object(Illuminate\\Database\\QueryException), 'select * from i...', Array, Object(Closure))
#2 /Users/vidura/Documents/industry-projects/aisha/UltimatePOS-CodeBase-V6-1.12/vendor/laravel/framework/src/Illuminate/Database/Connection.php(722): Illuminate\\Database\\Connection->handleQueryException(Object(Illuminate\\Database\\QueryException), 'select * from i...', Array, Object(Closure))
#3 /Users/vidura/Documents/industry-projects/aisha/UltimatePOS-CodeBase-V6-1.12/vendor/laravel/framework/src/Illuminate/Database/Connection.php(405): Illuminate\\Database\\Connection->run('select * from i...', Array, Object(Closure))
#4 /Users/vidura/Documents/industry-projects/aisha/UltimatePOS-CodeBase-V6-1.12/vendor/laravel/framework/src/Illuminate/Database/Connection.php(392): Illuminate\\Database\\Connection->select('select * from i...', Array, false)
#5 /Users/vidura/Documents/industry-projects/aisha/UltimatePOS-CodeBase-V6-1.12/vendor/laravel/framework/src/Illuminate/Database/Schema/MySqlBuilder.php(43): Illuminate\\Database\\Connection->selectFromWriteConnection('select * from i...', Array)
#6 /Users/vidura/Documents/industry-projects/aisha/UltimatePOS-CodeBase-V6-1.12/vendor/laravel/framework/src/Illuminate/Database/Migrations/DatabaseMigrationRepository.php(169): Illuminate\\Database\\Schema\\MySqlBuilder->hasTable('migrations')
#7 /Users/vidura/Documents/industry-projects/aisha/UltimatePOS-CodeBase-V6-1.12/vendor/laravel/framework/src/Illuminate/Database/Migrations/Migrator.php(695): Illuminate\\Database\\Migrations\\DatabaseMigrationRepository->repositoryExists()
#8 /Users/vidura/Documents/industry-projects/aisha/UltimatePOS-CodeBase-V6-1.12/vendor/laravel/framework/src/Illuminate/Database/Console/Migrations/StatusCommand.php(53): Illuminate\\Database\\Migrations\\Migrator->repositoryExists()
#9 /Users/vidura/Documents/industry-projects/aisha/UltimatePOS-CodeBase-V6-1.12/vendor/laravel/framework/src/Illuminate/Database/Migrations/Migrator.php(628): Illuminate\\Database\\Console\\Migrations\\StatusCommand->Illuminate\\Database\\Console\\Migrations\\{closure}()
#10 /Users/vidura/Documents/industry-projects/aisha/UltimatePOS-CodeBase-V6-1.12/vendor/laravel/framework/src/Illuminate/Database/Console/Migrations/StatusCommand.php(52): Illuminate\\Database\\Migrations\\Migrator->usingConnection(NULL, Object(Closure))
#11 /Users/vidura/Documents/industry-projects/aisha/UltimatePOS-CodeBase-V6-1.12/vendor/laravel/framework/src/Illuminate/Container/BoundMethod.php(36): Illuminate\\Database\\Console\\Migrations\\StatusCommand->handle()
#12 /Users/vidura/Documents/industry-projects/aisha/UltimatePOS-CodeBase-V6-1.12/vendor/laravel/framework/src/Illuminate/Container/Util.php(41): Illuminate\\Container\\BoundMethod::Illuminate\\Container\\{closure}()
#13 /Users/vidura/Documents/industry-projects/aisha/UltimatePOS-CodeBase-V6-1.12/vendor/laravel/framework/src/Illuminate/Container/BoundMethod.php(93): Illuminate\\Container\\Util::unwrapIfClosure(Object(Closure))
#14 /Users/vidura/Documents/industry-projects/aisha/UltimatePOS-CodeBase-V6-1.12/vendor/laravel/framework/src/Illuminate/Container/BoundMethod.php(35): Illuminate\\Container\\BoundMethod::callBoundMethod(Object(Illuminate\\Foundation\\Application), Array, Object(Closure))
#15 /Users/vidura/Documents/industry-projects/aisha/UltimatePOS-CodeBase-V6-1.12/vendor/laravel/framework/src/Illuminate/Container/Container.php(661): Illuminate\\Container\\BoundMethod::call(Object(Illuminate\\Foundation\\Application), Array, Array, NULL)
#16 /Users/vidura/Documents/industry-projects/aisha/UltimatePOS-CodeBase-V6-1.12/vendor/laravel/framework/src/Illuminate/Console/Command.php(183): Illuminate\\Container\\Container->call(Array)
#17 /Users/vidura/Documents/industry-projects/aisha/UltimatePOS-CodeBase-V6-1.12/vendor/symfony/console/Command/Command.php(326): Illuminate\\Console\\Command->execute(Object(Symfony\\Component\\Console\\Input\\ArgvInput), Object(Illuminate\\Console\\OutputStyle))
#18 /Users/vidura/Documents/industry-projects/aisha/UltimatePOS-CodeBase-V6-1.12/vendor/laravel/framework/src/Illuminate/Console/Command.php(152): Symfony\\Component\\Console\\Command\\Command->run(Object(Symfony\\Component\\Console\\Input\\ArgvInput), Object(Illuminate\\Console\\OutputStyle))
#19 /Users/vidura/Documents/industry-projects/aisha/UltimatePOS-CodeBase-V6-1.12/vendor/symfony/console/Application.php(1078): Illuminate\\Console\\Command->run(Object(Symfony\\Component\\Console\\Input\\ArgvInput), Object(Symfony\\Component\\Console\\Output\\ConsoleOutput))
#20 /Users/vidura/Documents/industry-projects/aisha/UltimatePOS-CodeBase-V6-1.12/vendor/symfony/console/Application.php(324): Symfony\\Component\\Console\\Application->doRunCommand(Object(Illuminate\\Database\\Console\\Migrations\\StatusCommand), Object(Symfony\\Component\\Console\\Input\\ArgvInput), Object(Symfony\\Component\\Console\\Output\\ConsoleOutput))
#21 /Users/vidura/Documents/industry-projects/aisha/UltimatePOS-CodeBase-V6-1.12/vendor/symfony/console/Application.php(175): Symfony\\Component\\Console\\Application->doRun(Object(Symfony\\Component\\Console\\Input\\ArgvInput), Object(Symfony\\Component\\Console\\Output\\ConsoleOutput))
#22 /Users/vidura/Documents/industry-projects/aisha/UltimatePOS-CodeBase-V6-1.12/vendor/laravel/framework/src/Illuminate/Console/Application.php(102): Symfony\\Component\\Console\\Application->run(Object(Symfony\\Component\\Console\\Input\\ArgvInput), Object(Symfony\\Component\\Console\\Output\\ConsoleOutput))
#23 /Users/vidura/Documents/industry-projects/aisha/UltimatePOS-CodeBase-V6-1.12/vendor/laravel/framework/src/Illuminate/Foundation/Console/Kernel.php(155): Illuminate\\Console\\Application->run(Object(Symfony\\Component\\Console\\Input\\ArgvInput), Object(Symfony\\Component\\Console\\Output\\ConsoleOutput))
#24 /Users/vidura/Documents/industry-projects/aisha/UltimatePOS-CodeBase-V6-1.12/artisan(35): Illuminate\\Foundation\\Console\\Kernel->handle(Object(Symfony\\Component\\Console\\Input\\ArgvInput), Object(Symfony\\Component\\Console\\Output\\ConsoleOutput))
#25 {main}

[previous exception] [object] (PDOException(code: 2002): SQLSTATE[HY000] [2002] Connection refused at /Users/vidura/Documents/industry-projects/aisha/UltimatePOS-CodeBase-V6-1.12/vendor/laravel/framework/src/Illuminate/Database/Connectors/Connector.php:70)
[stacktrace]
#0 /Users/vidura/Documents/industry-projects/aisha/UltimatePOS-CodeBase-V6-1.12/vendor/laravel/framework/src/Illuminate/Database/Connectors/Connector.php(70): PDO->__construct('mysql:host=loca...', 'u258259601_posA...', Object(SensitiveParameterValue), Array)
#1 /Users/vidura/Documents/industry-projects/aisha/UltimatePOS-CodeBase-V6-1.12/vendor/laravel/framework/src/Illuminate/Database/Connectors/Connector.php(100): Illuminate\\Database\\Connectors\\Connector->createPdoConnection('mysql:host=loca...', 'u258259601_posA...', 'posAdmin1234', Array)
#2 /Users/vidura/Documents/industry-projects/aisha/UltimatePOS-CodeBase-V6-1.12/vendor/laravel/framework/src/Illuminate/Database/Connectors/Connector.php(49): Illuminate\\Database\\Connectors\\Connector->tryAgainIfCausedByLostConnection(Object(PDOException), 'mysql:host=loca...', 'u258259601_posA...', 'posAdmin1234', Array)
#3 /Users/vidura/Documents/industry-projects/aisha/UltimatePOS-CodeBase-V6-1.12/vendor/laravel/framework/src/Illuminate/Database/Connectors/MySqlConnector.php(24): Illuminate\\Database\\Connectors\\Connector->createConnection('mysql:host=loca...', Array, Array)
#4 /Users/vidura/Documents/industry-projects/aisha/UltimatePOS-CodeBase-V6-1.12/vendor/laravel/framework/src/Illuminate/Database/Connectors/ConnectionFactory.php(184): Illuminate\\Database\\Connectors\\MySqlConnector->connect(Array)
#5 [internal function]: Illuminate\\Database\\Connectors\\ConnectionFactory->Illuminate\\Database\\Connectors\\{closure}()
#6 /Users/vidura/Documents/industry-projects/aisha/UltimatePOS-CodeBase-V6-1.12/vendor/laravel/framework/src/Illuminate/Database/Connection.php(1181): call_user_func(Object(Closure))
#7 /Users/vidura/Documents/industry-projects/aisha/UltimatePOS-CodeBase-V6-1.12/vendor/laravel/framework/src/Illuminate/Database/Connection.php(486): Illuminate\\Database\\Connection->getPdo()
#8 /Users/vidura/Documents/industry-projects/aisha/UltimatePOS-CodeBase-V6-1.12/vendor/laravel/framework/src/Illuminate/Database/Connection.php(414): Illuminate\\Database\\Connection->getPdoForSelect(false)
#9 /Users/vidura/Documents/industry-projects/aisha/UltimatePOS-CodeBase-V6-1.12/vendor/laravel/framework/src/Illuminate/Database/Connection.php(753): Illuminate\\Database\\Connection->Illuminate\\Database\\{closure}('select * from i...', Array)
#10 /Users/vidura/Documents/industry-projects/aisha/UltimatePOS-CodeBase-V6-1.12/vendor/laravel/framework/src/Illuminate/Database/Connection.php(899): Illuminate\\Database\\Connection->runQueryCallback('select * from i...', Array, Object(Closure))
#11 /Users/vidura/Documents/industry-projects/aisha/UltimatePOS-CodeBase-V6-1.12/vendor/laravel/framework/src/Illuminate/Database/Connection.php(878): Illuminate\\Database\\Connection->tryAgainIfCausedByLostConnection(Object(Illuminate\\Database\\QueryException), 'select * from i...', Array, Object(Closure))
#12 /Users/vidura/Documents/industry-projects/aisha/UltimatePOS-CodeBase-V6-1.12/vendor/laravel/framework/src/Illuminate/Database/Connection.php(722): Illuminate\\Database\\Connection->handleQueryException(Object(Illuminate\\Database\\QueryException), 'select * from i...', Array, Object(Closure))
#13 /Users/vidura/Documents/industry-projects/aisha/UltimatePOS-CodeBase-V6-1.12/vendor/laravel/framework/src/Illuminate/Database/Connection.php(405): Illuminate\\Database\\Connection->run('select * from i...', Array, Object(Closure))
#14 /Users/vidura/Documents/industry-projects/aisha/UltimatePOS-CodeBase-V6-1.12/vendor/laravel/framework/src/Illuminate/Database/Connection.php(392): Illuminate\\Database\\Connection->select('select * from i...', Array, false)
#15 /Users/vidura/Documents/industry-projects/aisha/UltimatePOS-CodeBase-V6-1.12/vendor/laravel/framework/src/Illuminate/Database/Schema/MySqlBuilder.php(43): Illuminate\\Database\\Connection->selectFromWriteConnection('select * from i...', Array)
#16 /Users/vidura/Documents/industry-projects/aisha/UltimatePOS-CodeBase-V6-1.12/vendor/laravel/framework/src/Illuminate/Database/Migrations/DatabaseMigrationRepository.php(169): Illuminate\\Database\\Schema\\MySqlBuilder->hasTable('migrations')
#17 /Users/vidura/Documents/industry-projects/aisha/UltimatePOS-CodeBase-V6-1.12/vendor/laravel/framework/src/Illuminate/Database/Migrations/Migrator.php(695): Illuminate\\Database\\Migrations\\DatabaseMigrationRepository->repositoryExists()
#18 /Users/vidura/Documents/industry-projects/aisha/UltimatePOS-CodeBase-V6-1.12/vendor/laravel/framework/src/Illuminate/Database/Console/Migrations/StatusCommand.php(53): Illuminate\\Database\\Migrations\\Migrator->repositoryExists()
#19 /Users/vidura/Documents/industry-projects/aisha/UltimatePOS-CodeBase-V6-1.12/vendor/laravel/framework/src/Illuminate/Database/Migrations/Migrator.php(628): Illuminate\\Database\\Console\\Migrations\\StatusCommand->Illuminate\\Database\\Console\\Migrations\\{closure}()
#20 /Users/vidura/Documents/industry-projects/aisha/UltimatePOS-CodeBase-V6-1.12/vendor/laravel/framework/src/Illuminate/Database/Console/Migrations/StatusCommand.php(52): Illuminate\\Database\\Migrations\\Migrator->usingConnection(NULL, Object(Closure))
#21 /Users/vidura/Documents/industry-projects/aisha/UltimatePOS-CodeBase-V6-1.12/vendor/laravel/framework/src/Illuminate/Container/BoundMethod.php(36): Illuminate\\Database\\Console\\Migrations\\StatusCommand->handle()
#22 /Users/vidura/Documents/industry-projects/aisha/UltimatePOS-CodeBase-V6-1.12/vendor/laravel/framework/src/Illuminate/Container/Util.php(41): Illuminate\\Container\\BoundMethod::Illuminate\\Container\\{closure}()
#23 /Users/vidura/Documents/industry-projects/aisha/UltimatePOS-CodeBase-V6-1.12/vendor/laravel/framework/src/Illuminate/Container/BoundMethod.php(93): Illuminate\\Container\\Util::unwrapIfClosure(Object(Closure))
#24 /Users/vidura/Documents/industry-projects/aisha/UltimatePOS-CodeBase-V6-1.12/vendor/laravel/framework/src/Illuminate/Container/BoundMethod.php(35): Illuminate\\Container\\BoundMethod::callBoundMethod(Object(Illuminate\\Foundation\\Application), Array, Object(Closure))
#25 /Users/vidura/Documents/industry-projects/aisha/UltimatePOS-CodeBase-V6-1.12/vendor/laravel/framework/src/Illuminate/Container/Container.php(661): Illuminate\\Container\\BoundMethod::call(Object(Illuminate\\Foundation\\Application), Array, Array, NULL)
#26 /Users/vidura/Documents/industry-projects/aisha/UltimatePOS-CodeBase-V6-1.12/vendor/laravel/framework/src/Illuminate/Console/Command.php(183): Illuminate\\Container\\Container->call(Array)
#27 /Users/vidura/Documents/industry-projects/aisha/UltimatePOS-CodeBase-V6-1.12/vendor/symfony/console/Command/Command.php(326): Illuminate\\Console\\Command->execute(Object(Symfony\\Component\\Console\\Input\\ArgvInput), Object(Illuminate\\Console\\OutputStyle))
#28 /Users/vidura/Documents/industry-projects/aisha/UltimatePOS-CodeBase-V6-1.12/vendor/laravel/framework/src/Illuminate/Console/Command.php(152): Symfony\\Component\\Console\\Command\\Command->run(Object(Symfony\\Component\\Console\\Input\\ArgvInput), Object(Illuminate\\Console\\OutputStyle))
#29 /Users/vidura/Documents/industry-projects/aisha/UltimatePOS-CodeBase-V6-1.12/vendor/symfony/console/Application.php(1078): Illuminate\\Console\\Command->run(Object(Symfony\\Component\\Console\\Input\\ArgvInput), Object(Symfony\\Component\\Console\\Output\\ConsoleOutput))
#30 /Users/vidura/Documents/industry-projects/aisha/UltimatePOS-CodeBase-V6-1.12/vendor/symfony/console/Application.php(324): Symfony\\Component\\Console\\Application->doRunCommand(Object(Illuminate\\Database\\Console\\Migrations\\StatusCommand), Object(Symfony\\Component\\Console\\Input\\ArgvInput), Object(Symfony\\Component\\Console\\Output\\ConsoleOutput))
#31 /Users/vidura/Documents/industry-projects/aisha/UltimatePOS-CodeBase-V6-1.12/vendor/symfony/console/Application.php(175): Symfony\\Component\\Console\\Application->doRun(Object(Symfony\\Component\\Console\\Input\\ArgvInput), Object(Symfony\\Component\\Console\\Output\\ConsoleOutput))
#32 /Users/vidura/Documents/industry-projects/aisha/UltimatePOS-CodeBase-V6-1.12/vendor/laravel/framework/src/Illuminate/Console/Application.php(102): Symfony\\Component\\Console\\Application->run(Object(Symfony\\Component\\Console\\Input\\ArgvInput), Object(Symfony\\Component\\Console\\Output\\ConsoleOutput))
#33 /Users/vidura/Documents/industry-projects/aisha/UltimatePOS-CodeBase-V6-1.12/vendor/laravel/framework/src/Illuminate/Foundation/Console/Kernel.php(155): Illuminate\\Console\\Application->run(Object(Symfony\\Component\\Console\\Input\\ArgvInput), Object(Symfony\\Component\\Console\\Output\\ConsoleOutput))
#34 /Users/vidura/Documents/industry-projects/aisha/UltimatePOS-CodeBase-V6-1.12/artisan(35): Illuminate\\Foundation\\Console\\Kernel->handle(Object(Symfony\\Component\\Console\\Input\\ArgvInput), Object(Symfony\\Component\\Console\\Output\\ConsoleOutput))
#35 {main}
"} 
